---
source: src/tui/mod.rs
expression: render_to_string(&state)
---
"┌ Files ─────────┌ Help ──────────────────────────────────────┐ent ────────────┐"
"│▾ M src/main.rs │agentdiff — keys                            │gent session    │"
"│                │                                            │                │"
"│                │  j / k        line down / up               │main.rs         │"
"│                │  C-d / C-u    half page down / up          │recorded intent │"
"│                │  ]c / [c      next / prev hunk             │this file)      │"
"│                │  } / {        next / prev file             │                │"
"│                │  gg / G       top / bottom                 │                │"
"│                │  Space        collapse / expand file       │                │"
"│                │                                            │                │"
"│                │  a            approve hunk                 │                │"
"│                │  x            flag (needs attention)       │                │"
"│                │  u            clear verdict                │                │"
"│                │                                            │                │"
"│                │  n            add / edit note              │                │"
"│                │  s            session picker               │                │"
"│                │  i            toggle intent detail         │                │"
"│                │  v            what the agent ran (verify)  │                │"
"└────────────────│                                            │────────────────┘"
" agentdiff   work└────────────────────────────────────────────┘n note  ? help  q"
