---
source: src/tui/mod.rs
expression: render_to_string(&state)
---
"┌ Files ─────────────┐┌ Diff — working tree vs HEAD (1 fi┐┌ Intent ────────────┐"
"│▾ M src/main.rs ┌ Help ──────────────────────────────────────┐agent session — │"
"│                │agentdiff — keys                            │                │"
"│                │                                            │                │"
"│                │  j / k        line down / up               │                │"
"│                │  C-d / C-u    half page down / up          │                │"
"│                │  ]c / [c      next / prev hunk             │                │"
"│                │  } / {        next / prev file             │                │"
"│                │  gg / G       top / bottom                 │                │"
"│                │  Space        collapse / expand file       │                │"
"│                │                                            │                │"
"│                │  a            approve hunk                 │                │"
"│                │  x            flag (needs attention)       │                │"
"│                │  u            clear verdict                │                │"
"│                │                                            │                │"
"│                │  ?            toggle this help             │                │"
"│                │  Esc          close overlay                │                │"
"│                │  q            quit                         │                │"
"└────────────────└────────────────────────────────────────────┘────────────────┘"
" agentdiff   reviewed 0/1     a approve   x flag   ? help   q quit              "
