---
source: src/tui/mod.rs
expression: render_to_string(&state)
---
"┌ Files ─────────────┐┌ Diff ────────────────────────────┐┌ Intent ────────────┐"
"│(no changes yet)    ││(no diff loaded — Phase 1)        ││(no agent session — │"
"│                    ││                                  ││                    │"
"│                    ││                                  ││                    │"
"│                    ││                                  ││                    │"
"│                    ││                                  ││                    │"
"│                    ││                                  ││                    │"
"│                    ││                                  ││                    │"
"│                    ││                                  ││                    │"
"│                    ││                                  ││                    │"
"│                    ││                                  ││                    │"
"│                    ││                                  ││                    │"
"│                    ││                                  ││                    │"
"│                    ││                                  ││                    │"
"│                    ││                                  ││                    │"
"│                    ││                                  ││                    │"
"│                    ││                                  ││                    │"
"│                    ││                                  ││                    │"
"└────────────────────┘└──────────────────────────────────┘└────────────────────┘"
" agentdiff    q quit   ? help                                                   "
